[     175ms] [ERROR] Failed to load resource: the server responded with a status of 404 (Not Found) @ http://localhost:4321/favicon.svg:0
[     192ms] [INFO] %cDownload the React DevTools for a better development experience: https://reactjs.org/link/react-devtools font-weight:bold @ http://localhost:4321/node_modules/.vite/deps/chunk-LPF6KSF2.js?v=869ad905:21608
[     224ms] [ERROR] Warning: Invalid DOM property `%s`. Did you mean `%s`?%s stroke-linecap strokeLinecap 
    at path
    at svg
    at h2
    at div
    at section
    at SuccessionCalculator (http://localhost:4321/src/components/SuccessionCalculator.tsx:30:48) @ http://localhost:4321/node_modules/.vite/deps/chunk-LPF6KSF2.js?v=869ad905:520
[     224ms] [ERROR] Warning: Invalid DOM property `%s`. Did you mean `%s`?%s stroke-linejoin strokeLinejoin 
    at path
    at svg
    at h2
    at div
    at section
    at SuccessionCalculator (http://localhost:4321/src/components/SuccessionCalculator.tsx:30:48) @ http://localhost:4321/node_modules/.vite/deps/chunk-LPF6KSF2.js?v=869ad905:520
[     224ms] [ERROR] Warning: Invalid DOM property `%s`. Did you mean `%s`?%s stroke-width strokeWidth 
    at path
    at svg
    at h2
    at div
    at section
    at SuccessionCalculator (http://localhost:4321/src/components/SuccessionCalculator.tsx:30:48) @ http://localhost:4321/node_modules/.vite/deps/chunk-LPF6KSF2.js?v=869ad905:520
[     225ms] [ERROR] Warning: Invalid DOM property `%s`. Did you mean `%s`?%s class className 
    at svg
    at h2
    at div
    at section
    at SuccessionCalculator (http://localhost:4321/src/components/SuccessionCalculator.tsx:30:48) @ http://localhost:4321/node_modules/.vite/deps/chunk-LPF6KSF2.js?v=869ad905:520
[  142577ms] [LOG] [vite] server connection lost. Polling for restart... @ http://localhost:4321/@vite/client:1598
[  142972ms] [INFO] %cDownload the React DevTools for a better development experience: https://reactjs.org/link/react-devtools font-weight:bold @ http://localhost:4321/node_modules/.vite/deps/chunk-LPF6KSF2.js?v=869ad905:21608
[  142999ms] [ERROR] Warning: Invalid DOM property `%s`. Did you mean `%s`?%s class className 
    at h2
    at div
    at section
    at SuccessionCalculator (http://localhost:4321/src/components/SuccessionCalculator.tsx:30:48) @ http://localhost:4321/node_modules/.vite/deps/chunk-LPF6KSF2.js?v=869ad905:520
